2026-10-06T14:19:55Z [INFO] [MainProcess] 
======================================== NEW SESSION 2026-10-06T14:19:55.334975+00:00Z========================================
2026-10-06T14:19:55Z [INFO] [MainProcess] Logging to: cases\case_area\logs\get_data.log
2026-10-06T14:19:55Z [INFO] [MainProcess] Starting get_data for case: case_area
2026-10-06T14:19:55Z [INFO] [MainProcess] Input GeoJSON: C:\Users\annas\Documents\GEOIT1501-Trees\CFTree\cases\wippolder\case_area.geojson
2026-10-06T14:19:55Z [INFO] [MainProcess] Parallel workers: 2
2026-10-06T14:19:55Z [INFO] [MainProcess] Buffer distance: 20.0 m
2026-10-06T14:19:55Z [INFO] [MainProcess] Loading AOI from C:\Users\annas\Documents\GEOIT1501-Trees\CFTree\cases\wippolder\case_area.geojson
2026-10-06T14:19:55Z [INFO] [MainProcess] CRS: EPSG:28992
2026-10-06T14:19:55Z [INFO] [MainProcess] Created 1 records
2026-10-06T14:19:55Z [INFO] [MainProcess] Buffered AOI saved to C:\Users\annas\Documents\GEOIT1501-Trees\DATA\OUT\case_area_buffered.geojson
2026-10-06T14:19:55Z [INFO] [MainProcess] Created 1 records
2026-10-06T14:19:55Z [INFO] [MainProcess] Saved AOI as GPKG to C:\Users\annas\Documents\GEOIT1501-Trees\DATA\OUT\case_area_aoi.gpkg
2026-10-06T14:20:56Z [INFO] [MainProcess] 
======================================== NEW SESSION 2026-10-06T14:20:56.218769+00:00Z========================================
2026-10-06T14:20:56Z [INFO] [MainProcess] Logging to: cases\case_area\logs\get_data.log
2026-10-06T14:20:56Z [INFO] [MainProcess] Starting get_data for case: case_area
2026-10-06T14:20:56Z [INFO] [MainProcess] Input GeoJSON: C:\Users\annas\Documents\GEOIT1501-Trees\CFTree\cases\wippolder\case_area.geojson
2026-10-06T14:20:56Z [INFO] [MainProcess] Parallel workers: 2
2026-10-06T14:20:56Z [INFO] [MainProcess] Buffer distance: 20.0 m
2026-10-06T14:20:56Z [INFO] [MainProcess] Loading AOI from C:\Users\annas\Documents\GEOIT1501-Trees\CFTree\cases\wippolder\case_area.geojson
2026-10-06T14:20:56Z [INFO] [MainProcess] CRS: EPSG:28992
2026-10-06T14:20:56Z [INFO] [MainProcess] Created 1 records
2026-10-06T14:20:56Z [INFO] [MainProcess] Buffered AOI saved to C:\Users\annas\Documents\GEOIT1501-Trees\DATA\OUT\case_area_buffered.geojson
2026-10-06T14:20:56Z [INFO] [MainProcess] Created 1 records
2026-10-06T14:20:56Z [INFO] [MainProcess] Saved AOI as GPKG to C:\Users\annas\Documents\GEOIT1501-Trees\DATA\OUT\case_area_aoi.gpkg
2026-10-06T14:20:56Z [INFO] [MainProcess] Found 3 intersecting tiles: ['85000_447000', '85000_446000', '86000_446000']
2026-10-06T14:20:56Z [INFO] [MainProcess] Running 3 tiles in parallel using 2 cores.
2026-10-06T14:20:57Z [INFO] [MainProcess] [85000_447000] DOWNLOAD_FAILED
2026-10-06T14:20:57Z [INFO] [MainProcess] [85000_446000] DOWNLOAD_FAILED
2026-10-06T14:20:57Z [INFO] [MainProcess] [86000_446000] DOWNLOAD_FAILED
2026-10-06T14:20:57Z [INFO] [MainProcess] Starting clip and merge process...
2026-10-06T14:20:57Z [ERROR] [MainProcess] Clip and merge process failed. Error: No .laz files found to process.
Traceback (most recent call last):
  File "C:\Users\annas\Documents\GEOIT1501-Trees\synthesis\get_data.py", line 118, in process_geojson
    clip_and_merge_pointclouds(str(output_dir), "clipped_output.laz")
  File "C:\Users\annas\Documents\GEOIT1501-Trees\synthesis\clip_and_merge.py", line 33, in clip_and_merge_pointclouds
    raise FileNotFoundError("No .laz files found to process.")
FileNotFoundError: No .laz files found to process.
2026-10-06T14:20:57Z [INFO] [MainProcess] Completed get_data for case: case_area
2026-10-06T14:22:43Z [INFO] [MainProcess] 
======================================== NEW SESSION 2026-10-06T14:22:43.659977+00:00Z========================================
2026-10-06T14:22:43Z [INFO] [MainProcess] Logging to: cases\case_area\logs\get_data.log
2026-10-06T14:22:43Z [INFO] [MainProcess] Starting get_data for case: case_area
2026-10-06T14:22:43Z [INFO] [MainProcess] Input GeoJSON: C:\Users\annas\Documents\GEOIT1501-Trees\CFTree\cases\wippolder\case_area.geojson
2026-10-06T14:22:43Z [INFO] [MainProcess] Parallel workers: 2
2026-10-06T14:22:43Z [INFO] [MainProcess] Buffer distance: 20.0 m
2026-10-06T14:22:43Z [INFO] [MainProcess] Loading AOI from C:\Users\annas\Documents\GEOIT1501-Trees\CFTree\cases\wippolder\case_area.geojson
2026-10-06T14:22:43Z [INFO] [MainProcess] CRS: EPSG:28992
2026-10-06T14:22:43Z [INFO] [MainProcess] Created 1 records
2026-10-06T14:22:43Z [INFO] [MainProcess] Buffered AOI saved to C:\Users\annas\Documents\GEOIT1501-Trees\DATA\OUT\case_area_buffered.geojson
2026-10-06T14:22:43Z [INFO] [MainProcess] Created 1 records
2026-10-06T14:22:43Z [INFO] [MainProcess] Saved AOI as GPKG to C:\Users\annas\Documents\GEOIT1501-Trees\DATA\OUT\case_area_aoi.gpkg
2026-10-06T14:22:57Z [INFO] [MainProcess] 
======================================== NEW SESSION 2026-10-06T14:22:57.392921+00:00Z========================================
2026-10-06T14:22:57Z [INFO] [MainProcess] Logging to: cases\case_area\logs\get_data.log
2026-10-06T14:22:57Z [INFO] [MainProcess] Starting get_data for case: case_area
2026-10-06T14:22:57Z [INFO] [MainProcess] Input GeoJSON: C:\Users\annas\Documents\GEOIT1501-Trees\CFTree\cases\wippolder\case_area.geojson
2026-10-06T14:22:57Z [INFO] [MainProcess] Parallel workers: 2
2026-10-06T14:22:57Z [INFO] [MainProcess] Buffer distance: 20.0 m
2026-10-06T14:22:57Z [INFO] [MainProcess] Loading AOI from C:\Users\annas\Documents\GEOIT1501-Trees\CFTree\cases\wippolder\case_area.geojson
2026-10-06T14:22:57Z [INFO] [MainProcess] CRS: EPSG:28992
2026-10-06T14:22:57Z [INFO] [MainProcess] Created 1 records
2026-10-06T14:22:57Z [INFO] [MainProcess] Buffered AOI saved to C:\Users\annas\Documents\GEOIT1501-Trees\DATA\OUT\case_area_buffered.geojson
2026-10-06T14:22:57Z [INFO] [MainProcess] Created 1 records
2026-10-06T14:22:57Z [INFO] [MainProcess] Saved AOI as GPKG to C:\Users\annas\Documents\GEOIT1501-Trees\DATA\OUT\case_area_aoi.gpkg
2026-10-06T14:22:57Z [INFO] [MainProcess] Found 3 intersecting tiles: ['085000_447000', '085000_446000', '086000_446000']
2026-10-06T14:22:57Z [INFO] [MainProcess] Running 3 tiles in parallel using 2 cores.
2026-10-06T14:23:28Z [INFO] [MainProcess] [085000_446000] OK
2026-10-06T14:23:29Z [INFO] [MainProcess] [085000_447000] OK
2026-10-06T14:23:43Z [INFO] [MainProcess] [086000_446000] OK
2026-10-06T14:23:43Z [INFO] [MainProcess] Starting clip and merge process...
2026-10-06T14:23:55Z [INFO] [MainProcess] Clip and merge process is completed.
2026-10-06T14:23:55Z [INFO] [MainProcess] Completed get_data for case: case_area
