2026-10-06T09:42:07Z [INFO] [MainProcess] 
======================================== NEW SESSION 2026-10-06T09:42:07.866288+00:00Z========================================
2026-10-06T09:42:07Z [INFO] [MainProcess] Logging to: cases\wippolder\logs\get_data.log
2026-10-06T09:42:07Z [INFO] [MainProcess] Starting get_data for case: wippolder
2026-10-06T09:42:07Z [INFO] [MainProcess] Parallel workers: 2 (from config)
2026-10-06T09:42:07Z [INFO] [MainProcess] Buffer distance: 20.0 m
2026-10-06T09:42:07Z [INFO] [MainProcess] Loading AOI from C:\Users\annas\Documents\CFTree\cases\wippolder\case_area.geojson
2026-10-06T09:42:07Z [INFO] [MainProcess] CRS: EPSG:28992
2026-10-06T09:42:37Z [INFO] [MainProcess] 
======================================== NEW SESSION 2026-10-06T09:42:37.227370+00:00Z========================================
2026-10-06T09:42:37Z [INFO] [MainProcess] Logging to: cases\wippolder\logs\get_data.log
2026-10-06T09:42:37Z [INFO] [MainProcess] Starting get_data for case: wippolder
2026-10-06T09:42:37Z [INFO] [MainProcess] Parallel workers: 2 (from config)
2026-10-06T09:42:37Z [INFO] [MainProcess] Buffer distance: 20.0 m
2026-10-06T09:42:37Z [INFO] [MainProcess] Loading AOI from C:\Users\annas\Documents\GEOIT1501-Trees\CFTree\cases\wippolder\case_area.geojson
2026-10-06T09:42:37Z [INFO] [MainProcess] CRS: EPSG:28992
2026-10-06T09:42:37Z [INFO] [MainProcess] Created 1 records
2026-10-06T09:42:37Z [INFO] [MainProcess] Buffered AOI saved to C:\Users\annas\Documents\GEOIT1501-Trees\CFTree\cases\wippolder\case_area_buffered.geojson
2026-10-06T09:42:37Z [INFO] [MainProcess] Created 1 records
2026-10-06T09:42:37Z [INFO] [MainProcess] Saved AOI as GPKG to C:\Users\annas\Documents\GEOIT1501-Trees\CFTree\cases\wippolder\wippolder_aoi.gpkg
2026-10-06T09:42:38Z [INFO] [MainProcess] Found 2 intersecting tiles: ['37EN2_11', '37EN2_12']
2026-10-06T09:42:38Z [INFO] [MainProcess] Running 2 tiles in parallel using 2 cores.
2026-10-06T09:42:39Z [INFO] [MainProcess] [37EN2_11] ERROR: [WINERROR 2] HET SYSTEEM KAN HET OPGEGEVEN BESTAND NIET VINDEN
2026-10-06T09:42:39Z [INFO] [MainProcess] [37EN2_12] ERROR: [WINERROR 2] HET SYSTEEM KAN HET OPGEGEVEN BESTAND NIET VINDEN
2026-10-06T09:42:39Z [INFO] [MainProcess] Starting clip and merge process...
2026-10-06T09:42:39Z [ERROR] [MainProcess] Clip and merge process failed. Error: No .laz files found to process.
Traceback (most recent call last):
  File "C:\Users\annas\Documents\GEOIT1501-Trees\synthesis\get_data.py", line 126, in main
    clip_and_merge_pointclouds(str(output_dir), "clipped_output.laz")
  File "C:\Users\annas\Documents\GEOIT1501-Trees\synthesis\clip_and_merge.py", line 33, in clip_and_merge_pointclouds
    raise FileNotFoundError("No .laz files found to process.")
FileNotFoundError: No .laz files found to process.
2026-10-06T09:42:39Z [INFO] [MainProcess] Completed get_data for case: wippolder
2026-10-06T09:45:37Z [INFO] [MainProcess] 
======================================== NEW SESSION 2026-10-06T09:45:37.213287+00:00Z========================================
2026-10-06T09:45:37Z [INFO] [MainProcess] Logging to: cases\wippolder\logs\get_data.log
2026-10-06T09:45:37Z [INFO] [MainProcess] Starting get_data for case: wippolder
2026-10-06T09:45:37Z [INFO] [MainProcess] Parallel workers: 2 (from config)
2026-10-06T09:45:37Z [INFO] [MainProcess] Buffer distance: 20.0 m
2026-10-06T09:45:37Z [INFO] [MainProcess] Loading AOI from C:\Users\annas\Documents\GEOIT1501-Trees\CFTree\cases\wippolder\case_area.geojson
2026-10-06T09:45:37Z [INFO] [MainProcess] CRS: EPSG:28992
2026-10-06T09:45:37Z [INFO] [MainProcess] Created 1 records
2026-10-06T09:45:37Z [INFO] [MainProcess] Buffered AOI saved to C:\Users\annas\Documents\GEOIT1501-Trees\CFTree\cases\wippolder\case_area_buffered.geojson
2026-10-06T09:45:37Z [INFO] [MainProcess] Created 1 records
2026-10-06T09:45:37Z [INFO] [MainProcess] Saved AOI as GPKG to C:\Users\annas\Documents\GEOIT1501-Trees\CFTree\cases\wippolder\wippolder_aoi.gpkg
2026-10-06T09:45:38Z [INFO] [MainProcess] Found 2 intersecting tiles: ['37EN2_11', '37EN2_12']
2026-10-06T09:45:38Z [INFO] [MainProcess] Running 2 tiles in parallel using 2 cores.
2026-10-06T09:45:38Z [INFO] [MainProcess] [37EN2_12] DOWNLOAD_FAILED
2026-10-06T09:45:38Z [INFO] [MainProcess] [37EN2_11] DOWNLOAD_FAILED
2026-10-06T09:45:38Z [INFO] [MainProcess] Starting clip and merge process...
2026-10-06T09:45:38Z [ERROR] [MainProcess] Clip and merge process failed. Error: No .laz files found to process.
Traceback (most recent call last):
  File "C:\Users\annas\Documents\GEOIT1501-Trees\synthesis\get_data.py", line 126, in main
    clip_and_merge_pointclouds(str(output_dir), "clipped_output.laz")
  File "C:\Users\annas\Documents\GEOIT1501-Trees\synthesis\clip_and_merge.py", line 33, in clip_and_merge_pointclouds
    raise FileNotFoundError("No .laz files found to process.")
FileNotFoundError: No .laz files found to process.
2026-10-06T09:45:38Z [INFO] [MainProcess] Completed get_data for case: wippolder
2026-10-06T09:48:58Z [INFO] [MainProcess] 
======================================== NEW SESSION 2026-10-06T09:48:58.124836+00:00Z========================================
2026-10-06T09:48:58Z [INFO] [MainProcess] Logging to: cases\wippolder\logs\get_data.log
2026-10-06T09:48:58Z [INFO] [MainProcess] Starting get_data for case: wippolder
2026-10-06T09:48:58Z [INFO] [MainProcess] Parallel workers: 2 (from config)
2026-10-06T09:48:58Z [INFO] [MainProcess] Buffer distance: 20.0 m
2026-10-06T09:48:58Z [INFO] [MainProcess] Loading AOI from C:\Users\annas\Documents\GEOIT1501-Trees\CFTree\cases\wippolder\case_area.geojson
2026-10-06T09:48:58Z [INFO] [MainProcess] CRS: EPSG:28992
2026-10-06T09:48:58Z [INFO] [MainProcess] Created 1 records
2026-10-06T09:48:58Z [INFO] [MainProcess] Buffered AOI saved to C:\Users\annas\Documents\GEOIT1501-Trees\CFTree\cases\wippolder\case_area_buffered.geojson
2026-10-06T09:48:58Z [INFO] [MainProcess] Created 1 records
2026-10-06T09:48:58Z [INFO] [MainProcess] Saved AOI as GPKG to C:\Users\annas\Documents\GEOIT1501-Trees\CFTree\cases\wippolder\wippolder_aoi.gpkg
2026-10-06T09:48:58Z [INFO] [MainProcess] Found 2 intersecting tiles: ['37EN2_11', '37EN2_12']
2026-10-06T09:48:58Z [INFO] [MainProcess] Running 2 tiles in parallel using 2 cores.
2026-10-06T09:48:59Z [INFO] [MainProcess] [37EN2_12] DOWNLOAD_FAILED
2026-10-06T09:48:59Z [INFO] [MainProcess] [37EN2_11] DOWNLOAD_FAILED
2026-10-06T09:48:59Z [INFO] [MainProcess] Starting clip and merge process...
2026-10-06T09:48:59Z [ERROR] [MainProcess] Clip and merge process failed. Error: No .laz files found to process.
Traceback (most recent call last):
  File "C:\Users\annas\Documents\GEOIT1501-Trees\synthesis\get_data.py", line 126, in main
    clip_and_merge_pointclouds(str(output_dir), "clipped_output.laz")
  File "C:\Users\annas\Documents\GEOIT1501-Trees\synthesis\clip_and_merge.py", line 33, in clip_and_merge_pointclouds
    raise FileNotFoundError("No .laz files found to process.")
FileNotFoundError: No .laz files found to process.
2026-10-06T09:48:59Z [INFO] [MainProcess] Completed get_data for case: wippolder
2026-10-06T09:51:20Z [INFO] [MainProcess] 
======================================== NEW SESSION 2026-10-06T09:51:20.930740+00:00Z========================================
2026-10-06T09:51:20Z [INFO] [MainProcess] Logging to: cases\wippolder\logs\get_data.log
2026-10-06T09:51:20Z [INFO] [MainProcess] Starting get_data for case: wippolder
2026-10-06T09:51:20Z [INFO] [MainProcess] Parallel workers: 2 (from config)
2026-10-06T09:51:20Z [INFO] [MainProcess] Buffer distance: 20.0 m
2026-10-06T09:51:20Z [INFO] [MainProcess] Loading AOI from C:\Users\annas\Documents\GEOIT1501-Trees\CFTree\cases\wippolder\case_area.geojson
2026-10-06T09:51:20Z [INFO] [MainProcess] CRS: EPSG:28992
2026-10-06T09:51:20Z [INFO] [MainProcess] Created 1 records
2026-10-06T09:51:20Z [INFO] [MainProcess] Buffered AOI saved to C:\Users\annas\Documents\GEOIT1501-Trees\CFTree\cases\wippolder\case_area_buffered.geojson
2026-10-06T09:51:21Z [INFO] [MainProcess] Created 1 records
2026-10-06T09:51:21Z [INFO] [MainProcess] Saved AOI as GPKG to C:\Users\annas\Documents\GEOIT1501-Trees\CFTree\cases\wippolder\wippolder_aoi.gpkg
2026-10-06T09:51:21Z [INFO] [MainProcess] Found 1 intersecting tiles: ['37EN2']
2026-10-06T09:51:21Z [INFO] [MainProcess] Running 1 tiles in parallel using 2 cores.
2026-10-06T09:51:22Z [INFO] [MainProcess] [37EN2] DOWNLOAD_FAILED
2026-10-06T09:51:22Z [INFO] [MainProcess] Starting clip and merge process...
2026-10-06T09:51:22Z [ERROR] [MainProcess] Clip and merge process failed. Error: No .laz files found to process.
Traceback (most recent call last):
  File "C:\Users\annas\Documents\GEOIT1501-Trees\synthesis\get_data.py", line 127, in main
    clip_and_merge_pointclouds(str(output_dir), "clipped_output.laz")
  File "C:\Users\annas\Documents\GEOIT1501-Trees\synthesis\clip_and_merge.py", line 33, in clip_and_merge_pointclouds
    raise FileNotFoundError("No .laz files found to process.")
FileNotFoundError: No .laz files found to process.
2026-10-06T09:51:22Z [INFO] [MainProcess] Completed get_data for case: wippolder
2026-10-06T09:57:57Z [INFO] [MainProcess] 
======================================== NEW SESSION 2026-10-06T09:57:57.050514+00:00Z========================================
2026-10-06T09:57:57Z [INFO] [MainProcess] Logging to: cases\wippolder\logs\get_data.log
2026-10-06T09:57:57Z [INFO] [MainProcess] Starting get_data for case: wippolder
2026-10-06T09:57:57Z [INFO] [MainProcess] Parallel workers: 2 (from config)
2026-10-06T09:57:57Z [INFO] [MainProcess] Buffer distance: 20.0 m
2026-10-06T09:57:57Z [INFO] [MainProcess] Loading AOI from C:\Users\annas\Documents\GEOIT1501-Trees\CFTree\cases\wippolder\case_area.geojson
2026-10-06T09:57:57Z [INFO] [MainProcess] CRS: EPSG:28992
2026-10-06T09:57:57Z [INFO] [MainProcess] Created 1 records
2026-10-06T09:57:57Z [INFO] [MainProcess] Buffered AOI saved to C:\Users\annas\Documents\GEOIT1501-Trees\CFTree\cases\wippolder\case_area_buffered.geojson
2026-10-06T09:57:57Z [INFO] [MainProcess] Created 1 records
2026-10-06T09:57:57Z [INFO] [MainProcess] Saved AOI as GPKG to C:\Users\annas\Documents\GEOIT1501-Trees\CFTree\cases\wippolder\wippolder_aoi.gpkg
2026-10-06T09:57:57Z [INFO] [MainProcess] Found 2 intersecting tiles: ['37EN2_11', '37EN2_12']
2026-10-06T09:57:57Z [INFO] [MainProcess] Running 2 tiles in parallel using 2 cores.
2026-10-06T09:59:16Z [INFO] [MainProcess] [37EN2_12] DOWNLOAD_FAILED
2026-10-06T09:59:37Z [INFO] [MainProcess] [37EN2_11] DOWNLOAD_FAILED
2026-10-06T09:59:37Z [INFO] [MainProcess] Starting clip and merge process...
2026-10-06T09:59:37Z [ERROR] [MainProcess] Clip and merge process failed. Error: No .laz files found to process.
Traceback (most recent call last):
  File "C:\Users\annas\Documents\GEOIT1501-Trees\synthesis\get_data.py", line 126, in main
    clip_and_merge_pointclouds(str(output_dir), "clipped_output.laz")
  File "C:\Users\annas\Documents\GEOIT1501-Trees\synthesis\clip_and_merge.py", line 33, in clip_and_merge_pointclouds
    raise FileNotFoundError("No .laz files found to process.")
FileNotFoundError: No .laz files found to process.
2026-10-06T09:59:37Z [INFO] [MainProcess] Completed get_data for case: wippolder
